<?xml version="1.0" encoding="utf-8"?><testsuites><testsuite name="pytest" errors="0" failures="0" skipped="0" tests="10" time="3.922" timestamp="2025-01-27T16:46:09.454364-08:00" hostname="Jellyroll.local"><testcase classname="tests.test_simulator.test_data" name="test_telemetry_data_creation" time="0.002" /><testcase classname="tests.test_simulator.test_data" name="test_telemetry_data_validation" time="0.001" /><testcase classname="tests.test_simulator.test_data" name="test_telemetry_data_to_dict" time="0.001" /><testcase classname="tests.test_simulator.test_generator" name="test_initial_state" time="0.004" /><testcase classname="tests.test_simulator.test_generator" name="test_data_generation" time="0.017" /><testcase classname="tests.test_simulator.test_generator" name="test_altitude_changes" time="1.017" /><testcase classname="tests.test_simulator.test_generator" name="test_battery_drain" time="1.219" /><testcase classname="tests.test_simulator.test_generator" name="test_sensor_correlations" time="0.003" /><testcase classname="tests.test_simulator.test_generator" name="test_movement_physics" time="1.015" /><testcase classname="tests.test_simulator.test_generator" name="test_data_buffer_management" time="0.509" /></testsuite></testsuites>